Archive member included because of file (symbol)

/opt/ti-mspgcc/bin/../lib/gcc/msp430-elf/4.9.1/libgcc.a(lib2divSI.o)
                              FatFS/ff.obj (__mspabi_divlu)
/opt/ti-mspgcc/bin/../lib/gcc/msp430-elf/4.9.1/libgcc.a(slli.o)
                              FatFS/ff.obj (__mspabi_slli_9)
/opt/ti-mspgcc/bin/../lib/gcc/msp430-elf/4.9.1/libgcc.a(srli.o)
                              FatFS/ff.obj (__mspabi_srli_4)
/opt/ti-mspgcc/bin/../lib/gcc/msp430-elf/4.9.1/libgcc.a(lib2hw_mul.o)
                              FatFS/ff.obj (__mulsi2)
/opt/ti-mspgcc/bin/../lib/gcc/msp430-elf/4.9.1/../../../../msp430-elf/lib/libcrt.a(crt_bss.o)
                              /opt/ti-mspgcc/bin/../lib/gcc/msp430-elf/4.9.1/crtbegin.o (__crt0_init_bss)
/opt/ti-mspgcc/bin/../lib/gcc/msp430-elf/4.9.1/../../../../msp430-elf/lib/libcrt.a(crt_main.o)
                              /opt/ti-mspgcc/bin/../lib/gcc/msp430-elf/4.9.1/../../../../msp430-elf/lib/crt0.o (__crt0_call_init_then_main)
/opt/ti-mspgcc/bin/../lib/gcc/msp430-elf/4.9.1/../../../../msp430-elf/lib/libc.a(lib_a-memset.o)
                              /opt/ti-mspgcc/bin/../lib/gcc/msp430-elf/4.9.1/../../../../msp430-elf/lib/libcrt.a(crt_bss.o) (memset)

Allocating common symbols
Common symbol       size              file

fp                  0x2               main_SD.obj
sdVolume            0x22e             main_SD.obj
logfile             0x20              main_SD.obj

Discarded input sections

 .text          0x00000000        0x0 /opt/ti-mspgcc/bin/../lib/gcc/msp430-elf/4.9.1/../../../../msp430-elf/lib/crt0.o
 .data          0x00000000        0x0 /opt/ti-mspgcc/bin/../lib/gcc/msp430-elf/4.9.1/../../../../msp430-elf/lib/crt0.o
 .bss           0x00000000        0x0 /opt/ti-mspgcc/bin/../lib/gcc/msp430-elf/4.9.1/../../../../msp430-elf/lib/crt0.o
 .text          0x00000000        0x0 FatFS/diskio.obj
 .data          0x00000000        0x0 FatFS/diskio.obj
 .bss           0x00000000        0x0 FatFS/diskio.obj
 .text.disk_timerproc
                0x00000000       0x32 FatFS/diskio.obj
 .text          0x00000000        0x0 FatFS/ff.obj
 .data          0x00000000        0x0 FatFS/ff.obj
 .bss           0x00000000        0x0 FatFS/ff.obj
 .text.dir_read
                0x00000000       0xea FatFS/ff.obj
 .text.get_fileinfo
                0x00000000      0x184 FatFS/ff.obj
 .text.f_read   0x00000000      0x3d8 FatFS/ff.obj
 .text.f_opendir
                0x00000000       0xf4 FatFS/ff.obj
 .text.f_closedir
                0x00000000       0x24 FatFS/ff.obj
 .text.f_readdir
                0x00000000       0xaa FatFS/ff.obj
 .text          0x00000000        0x0 FatFS/HAL_SDCard.obj
 .data          0x00000000        0x0 FatFS/HAL_SDCard.obj
 .bss           0x00000000        0x0 FatFS/HAL_SDCard.obj
 .text.SDCard_init
                0x00000000       0xa6 FatFS/HAL_SDCard.obj
 .text.SDCard_fastMode
                0x00000000       0x1e FatFS/HAL_SDCard.obj
 .text.SDCard_readFrame
                0x00000000       0x7a FatFS/HAL_SDCard.obj
 .text.SDCard_sendFrame
                0x00000000       0x68 FatFS/HAL_SDCard.obj
 .text.SDCard_setCSHigh
                0x00000000       0x12 FatFS/HAL_SDCard.obj
 .text.SDCard_setCSLow
                0x00000000       0x12 FatFS/HAL_SDCard.obj
 .text          0x00000000        0x0 main_SD.obj
 .data          0x00000000        0x0 main_SD.obj
 .bss           0x00000000        0x0 main_SD.obj
 .text          0x00000000        0x0 /opt/ti-mspgcc/bin/../lib/gcc/msp430-elf/4.9.1/libgcc.a(lib2divSI.o)
 .data          0x00000000        0x0 /opt/ti-mspgcc/bin/../lib/gcc/msp430-elf/4.9.1/libgcc.a(lib2divSI.o)
 .bss           0x00000000        0x0 /opt/ti-mspgcc/bin/../lib/gcc/msp430-elf/4.9.1/libgcc.a(lib2divSI.o)
 .text.__divsi3
                0x00000000       0x7a /opt/ti-mspgcc/bin/../lib/gcc/msp430-elf/4.9.1/libgcc.a(lib2divSI.o)
 .text.__modsi3
                0x00000000       0x58 /opt/ti-mspgcc/bin/../lib/gcc/msp430-elf/4.9.1/libgcc.a(lib2divSI.o)
 .text.__umodsi3
                0x00000000        0xe /opt/ti-mspgcc/bin/../lib/gcc/msp430-elf/4.9.1/libgcc.a(lib2divSI.o)
 .debug_line.text.__divsi3
                0x00000000       0x58 /opt/ti-mspgcc/bin/../lib/gcc/msp430-elf/4.9.1/libgcc.a(lib2divSI.o)
 .debug_line.text.__modsi3
                0x00000000       0x41 /opt/ti-mspgcc/bin/../lib/gcc/msp430-elf/4.9.1/libgcc.a(lib2divSI.o)
 .debug_line.text.__umodsi3
                0x00000000       0x1d /opt/ti-mspgcc/bin/../lib/gcc/msp430-elf/4.9.1/libgcc.a(lib2divSI.o)
 .data          0x00000000        0x0 /opt/ti-mspgcc/bin/../lib/gcc/msp430-elf/4.9.1/libgcc.a(slli.o)
 .bss           0x00000000        0x0 /opt/ti-mspgcc/bin/../lib/gcc/msp430-elf/4.9.1/libgcc.a(slli.o)
 .data          0x00000000        0x0 /opt/ti-mspgcc/bin/../lib/gcc/msp430-elf/4.9.1/libgcc.a(srli.o)
 .bss           0x00000000        0x0 /opt/ti-mspgcc/bin/../lib/gcc/msp430-elf/4.9.1/libgcc.a(srli.o)
 .text          0x00000000        0x0 /opt/ti-mspgcc/bin/../lib/gcc/msp430-elf/4.9.1/libgcc.a(lib2hw_mul.o)
 .data          0x00000000        0x0 /opt/ti-mspgcc/bin/../lib/gcc/msp430-elf/4.9.1/libgcc.a(lib2hw_mul.o)
 .bss           0x00000000        0x0 /opt/ti-mspgcc/bin/../lib/gcc/msp430-elf/4.9.1/libgcc.a(lib2hw_mul.o)
 .text.__mulhi2
                0x00000000       0x14 /opt/ti-mspgcc/bin/../lib/gcc/msp430-elf/4.9.1/libgcc.a(lib2hw_mul.o)
 .text.__mulsihi2
                0x00000000       0x18 /opt/ti-mspgcc/bin/../lib/gcc/msp430-elf/4.9.1/libgcc.a(lib2hw_mul.o)
 .text.__umulsihi2
                0x00000000       0x18 /opt/ti-mspgcc/bin/../lib/gcc/msp430-elf/4.9.1/libgcc.a(lib2hw_mul.o)
 .text.__mulsi2_hw32
                0x00000000       0x20 /opt/ti-mspgcc/bin/../lib/gcc/msp430-elf/4.9.1/libgcc.a(lib2hw_mul.o)
 .text.__muldisi2_hw32
                0x00000000       0x28 /opt/ti-mspgcc/bin/../lib/gcc/msp430-elf/4.9.1/libgcc.a(lib2hw_mul.o)
 .text.__umuldisi2_hw32
                0x00000000       0x28 /opt/ti-mspgcc/bin/../lib/gcc/msp430-elf/4.9.1/libgcc.a(lib2hw_mul.o)
 .text.__mulhi2_f5
                0x00000000       0x14 /opt/ti-mspgcc/bin/../lib/gcc/msp430-elf/4.9.1/libgcc.a(lib2hw_mul.o)
 .text.__mulsihi2_f5
                0x00000000       0x18 /opt/ti-mspgcc/bin/../lib/gcc/msp430-elf/4.9.1/libgcc.a(lib2hw_mul.o)
 .text.__umulsihi2_f5
                0x00000000       0x18 /opt/ti-mspgcc/bin/../lib/gcc/msp430-elf/4.9.1/libgcc.a(lib2hw_mul.o)
 .text.__mulsi2_f5
                0x00000000       0x20 /opt/ti-mspgcc/bin/../lib/gcc/msp430-elf/4.9.1/libgcc.a(lib2hw_mul.o)
 .text.__muldisi2_f5
                0x00000000       0x28 /opt/ti-mspgcc/bin/../lib/gcc/msp430-elf/4.9.1/libgcc.a(lib2hw_mul.o)
 .text.__umuldisi2_f5
                0x00000000       0x28 /opt/ti-mspgcc/bin/../lib/gcc/msp430-elf/4.9.1/libgcc.a(lib2hw_mul.o)
 .text          0x00000000        0x0 /opt/ti-mspgcc/bin/../lib/gcc/msp430-elf/4.9.1/../../../../msp430-elf/lib/libcrt.a(crt_bss.o)
 .data          0x00000000        0x0 /opt/ti-mspgcc/bin/../lib/gcc/msp430-elf/4.9.1/../../../../msp430-elf/lib/libcrt.a(crt_bss.o)
 .bss           0x00000000        0x0 /opt/ti-mspgcc/bin/../lib/gcc/msp430-elf/4.9.1/../../../../msp430-elf/lib/libcrt.a(crt_bss.o)
 .text          0x00000000        0x0 /opt/ti-mspgcc/bin/../lib/gcc/msp430-elf/4.9.1/../../../../msp430-elf/lib/libcrt.a(crt_main.o)
 .data          0x00000000        0x0 /opt/ti-mspgcc/bin/../lib/gcc/msp430-elf/4.9.1/../../../../msp430-elf/lib/libcrt.a(crt_main.o)
 .bss           0x00000000        0x0 /opt/ti-mspgcc/bin/../lib/gcc/msp430-elf/4.9.1/../../../../msp430-elf/lib/libcrt.a(crt_main.o)
 .text          0x00000000        0x0 /opt/ti-mspgcc/bin/../lib/gcc/msp430-elf/4.9.1/../../../../msp430-elf/lib/libc.a(lib_a-memset.o)
 .data          0x00000000        0x0 /opt/ti-mspgcc/bin/../lib/gcc/msp430-elf/4.9.1/../../../../msp430-elf/lib/libc.a(lib_a-memset.o)
 .bss           0x00000000        0x0 /opt/ti-mspgcc/bin/../lib/gcc/msp430-elf/4.9.1/../../../../msp430-elf/lib/libc.a(lib_a-memset.o)
 .data          0x00000000        0x0 /opt/ti-mspgcc/bin/../lib/gcc/msp430-elf/4.9.1/crtend.o
 .bss           0x00000000        0x0 /opt/ti-mspgcc/bin/../lib/gcc/msp430-elf/4.9.1/crtend.o
 .text          0x00000000        0x0 /opt/ti-mspgcc/bin/../lib/gcc/msp430-elf/4.9.1/../../../../msp430-elf/lib/crtn.o
 .data          0x00000000        0x0 /opt/ti-mspgcc/bin/../lib/gcc/msp430-elf/4.9.1/../../../../msp430-elf/lib/crtn.o
 .bss           0x00000000        0x0 /opt/ti-mspgcc/bin/../lib/gcc/msp430-elf/4.9.1/../../../../msp430-elf/lib/crtn.o

Memory Configuration

Name             Origin             Length             Attributes
SFR              0x00000000         0x00000010
PERIPHERAL_8BIT  0x00000010         0x000000f0
PERIPHERAL_16BIT 0x00000100         0x00000100
RAM              0x00001c00         0x00000800
INFOMEM          0x00001800         0x00000200
INFOA            0x00001980         0x00000080
INFOB            0x00001900         0x00000080
INFOC            0x00001880         0x00000080
INFOD            0x00001800         0x00000080
ROM              0x00004400         0x0000bb80
VECT1            0x0000ff90         0x00000002
VECT2            0x0000ff92         0x00000002
VECT3            0x0000ff94         0x00000002
VECT4            0x0000ff96         0x00000002
VECT5            0x0000ff98         0x00000002
VECT6            0x0000ff9a         0x00000002
VECT7            0x0000ff9c         0x00000002
VECT8            0x0000ff9e         0x00000002
VECT9            0x0000ffa0         0x00000002
VECT10           0x0000ffa2         0x00000002
VECT11           0x0000ffa4         0x00000002
VECT12           0x0000ffa6         0x00000002
VECT13           0x0000ffa8         0x00000002
VECT14           0x0000ffaa         0x00000002
VECT15           0x0000ffac         0x00000002
VECT16           0x0000ffae         0x00000002
VECT17           0x0000ffb0         0x00000002
VECT18           0x0000ffb2         0x00000002
VECT19           0x0000ffb4         0x00000002
VECT20           0x0000ffb6         0x00000002
VECT21           0x0000ffb8         0x00000002
VECT22           0x0000ffba         0x00000002
VECT23           0x0000ffbc         0x00000002
VECT24           0x0000ffbe         0x00000002
VECT25           0x0000ffc0         0x00000002
VECT26           0x0000ffc2         0x00000002
VECT27           0x0000ffc4         0x00000002
VECT28           0x0000ffc6         0x00000002
VECT29           0x0000ffc8         0x00000002
VECT30           0x0000ffca         0x00000002
VECT31           0x0000ffcc         0x00000002
VECT32           0x0000ffce         0x00000002
VECT33           0x0000ffd0         0x00000002
VECT34           0x0000ffd2         0x00000002
VECT35           0x0000ffd4         0x00000002
VECT36           0x0000ffd6         0x00000002
VECT37           0x0000ffd8         0x00000002
VECT38           0x0000ffda         0x00000002
VECT39           0x0000ffdc         0x00000002
VECT40           0x0000ffde         0x00000002
VECT41           0x0000ffe0         0x00000002
VECT42           0x0000ffe2         0x00000002
VECT43           0x0000ffe4         0x00000002
VECT44           0x0000ffe6         0x00000002
VECT45           0x0000ffe8         0x00000002
VECT46           0x0000ffea         0x00000002
VECT47           0x0000ffec         0x00000002
VECT48           0x0000ffee         0x00000002
VECT49           0x0000fff0         0x00000002
VECT50           0x0000fff2         0x00000002
VECT51           0x0000fff4         0x00000002
VECT52           0x0000fff6         0x00000002
VECT53           0x0000fff8         0x00000002
VECT54           0x0000fffa         0x00000002
VECT55           0x0000fffc         0x00000002
RESETVEC         0x0000fffe         0x00000002
BSL              0x00001000         0x00000800
FAR_ROM          0x00010000         0x00003fff
*default*        0x00000000         0xffffffff

Linker script and memory map

LOAD /opt/ti-mspgcc/bin/../lib/gcc/msp430-elf/4.9.1/../../../../msp430-elf/lib/crt0.o
LOAD /opt/ti-mspgcc/bin/../lib/gcc/msp430-elf/4.9.1/crtbegin.o
LOAD FatFS/diskio.obj
LOAD FatFS/ff.obj
LOAD FatFS/HAL_SDCard.obj
LOAD main_SD.obj
LOAD /opt/ti-mspgcc/bin/../lib/gcc/msp430-elf/4.9.1/libgcc.a
START GROUP
LOAD /opt/ti-mspgcc/bin/../lib/gcc/msp430-elf/4.9.1/../../../../msp430-elf/lib/libc.a
LOAD /opt/ti-mspgcc/bin/../lib/gcc/msp430-elf/4.9.1/libgcc.a
LOAD /opt/ti-mspgcc/bin/../lib/gcc/msp430-elf/4.9.1/../../../../msp430-elf/lib/libcrt.a
LOAD /opt/ti-mspgcc/bin/../lib/gcc/msp430-elf/4.9.1/../../../../msp430-elf/lib/libnosys.a
END GROUP
LOAD /opt/ti-mspgcc/bin/../lib/gcc/msp430-elf/4.9.1/libgcc.a
LOAD /opt/ti-mspgcc/bin/../lib/gcc/msp430-elf/4.9.1/crtend.o
LOAD /opt/ti-mspgcc/bin/../lib/gcc/msp430-elf/4.9.1/../../../../msp430-elf/lib/crtn.o
LOAD /opt/ti-mspgcc/bin/../lib/gcc/msp430-elf/4.9.1/libgcc.a

__interrupt_vector_1
 *(__interrupt_vector_1)

__interrupt_vector_2
 *(__interrupt_vector_2)

__interrupt_vector_3
 *(__interrupt_vector_3)

__interrupt_vector_4
 *(__interrupt_vector_4)

__interrupt_vector_5
 *(__interrupt_vector_5)

__interrupt_vector_6
 *(__interrupt_vector_6)

__interrupt_vector_7
 *(__interrupt_vector_7)

__interrupt_vector_8
 *(__interrupt_vector_8)

__interrupt_vector_9
 *(__interrupt_vector_9)

__interrupt_vector_10
 *(__interrupt_vector_10)

__interrupt_vector_11
 *(__interrupt_vector_11)

__interrupt_vector_12
 *(__interrupt_vector_12)

__interrupt_vector_13
 *(__interrupt_vector_13)

__interrupt_vector_14
 *(__interrupt_vector_14)

__interrupt_vector_15
 *(__interrupt_vector_15)

__interrupt_vector_16
 *(__interrupt_vector_16)

__interrupt_vector_17
 *(__interrupt_vector_17)

__interrupt_vector_18
 *(__interrupt_vector_18)

__interrupt_vector_19
 *(__interrupt_vector_19)

__interrupt_vector_20
 *(__interrupt_vector_20)

__interrupt_vector_21
 *(__interrupt_vector_21)

__interrupt_vector_22
 *(__interrupt_vector_22)

__interrupt_vector_23
 *(__interrupt_vector_23)

__interrupt_vector_24
 *(__interrupt_vector_24)

__interrupt_vector_25
 *(__interrupt_vector_25)

__interrupt_vector_26
 *(__interrupt_vector_26)

__interrupt_vector_27
 *(__interrupt_vector_27)

__interrupt_vector_28
 *(__interrupt_vector_28)

__interrupt_vector_29
 *(__interrupt_vector_29)

__interrupt_vector_30
 *(__interrupt_vector_30)

__interrupt_vector_31
 *(__interrupt_vector_31)
 *(__interrupt_vector_aes256)

__interrupt_vector_32
 *(__interrupt_vector_32)
 *(__interrupt_vector_rtc)

__interrupt_vector_33
 *(__interrupt_vector_33)
 *(__interrupt_vector_port4)

__interrupt_vector_34
 *(__interrupt_vector_34)
 *(__interrupt_vector_port3)

__interrupt_vector_35
 *(__interrupt_vector_35)
 *(__interrupt_vector_timer3_a1)

__interrupt_vector_36
 *(__interrupt_vector_36)
 *(__interrupt_vector_timer3_a0)

__interrupt_vector_37
 *(__interrupt_vector_37)
 *(__interrupt_vector_port2)

__interrupt_vector_38
 *(__interrupt_vector_38)
 *(__interrupt_vector_timer2_a1)

__interrupt_vector_39
 *(__interrupt_vector_39)
 *(__interrupt_vector_timer2_a0)

__interrupt_vector_40
 *(__interrupt_vector_40)
 *(__interrupt_vector_port1)

__interrupt_vector_41
 *(__interrupt_vector_41)
 *(__interrupt_vector_timer1_a1)

__interrupt_vector_42
 *(__interrupt_vector_42)
 *(__interrupt_vector_timer1_a0)

__interrupt_vector_43
 *(__interrupt_vector_43)
 *(__interrupt_vector_dma)

__interrupt_vector_44
 *(__interrupt_vector_44)
 *(__interrupt_vector_usci_a1)

__interrupt_vector_45
 *(__interrupt_vector_45)
 *(__interrupt_vector_timer0_a1)

__interrupt_vector_46
 *(__interrupt_vector_46)
 *(__interrupt_vector_timer0_a0)

__interrupt_vector_47
 *(__interrupt_vector_47)
 *(__interrupt_vector_adc12)

__interrupt_vector_48
 *(__interrupt_vector_48)
 *(__interrupt_vector_usci_b0)

__interrupt_vector_49
 *(__interrupt_vector_49)
 *(__interrupt_vector_usci_a0)

__interrupt_vector_50
 *(__interrupt_vector_50)
 *(__interrupt_vector_wdt)

__interrupt_vector_51
 *(__interrupt_vector_51)
 *(__interrupt_vector_timer0_b1)

__interrupt_vector_52
 *(__interrupt_vector_52)
 *(__interrupt_vector_timer0_b0)

__interrupt_vector_53
 *(__interrupt_vector_53)
 *(__interrupt_vector_comp_e)

__interrupt_vector_54
 *(__interrupt_vector_54)
 *(__interrupt_vector_unmi)

__interrupt_vector_55
 *(__interrupt_vector_55)
 *(__interrupt_vector_sysnmi)

__reset_vector  0x0000fffe        0x2
 *(__interrupt_vector_56)
 *(__interrupt_vector_reset)
 *(.resetvec)
 .resetvec      0x0000fffe        0x2 /opt/ti-mspgcc/bin/../lib/gcc/msp430-elf/4.9.1/../../../../msp430-elf/lib/crt0.o

.rodata         0x00004400       0xb8
                0x00004400                . = ALIGN (0x2)
 *(.plt)
 *(.rodata .rodata.* .gnu.linkonce.r.* .const .const:*)
 .rodata.ExCvt  0x00004400       0x80 FatFS/ff.obj
 .rodata        0x00004480        0xf FatFS/ff.obj
 .rodata        0x0000448f       0x17 main_SD.obj
 *(.rodata1)
 *(.eh_frame_hdr)
 *(.eh_frame)
 *fill*         0x000044a6        0x2 
 .eh_frame      0x000044a8        0x0 /opt/ti-mspgcc/bin/../lib/gcc/msp430-elf/4.9.1/crtbegin.o
 .eh_frame      0x000044a8        0x4 /opt/ti-mspgcc/bin/../lib/gcc/msp430-elf/4.9.1/crtend.o
 *(.gcc_except_table)
 *(.gcc_except_table.*)
                0x000044ac                PROVIDE (__preinit_array_start, .)
 *(.preinit_array)
                0x000044ac                PROVIDE (__preinit_array_end, .)
                0x000044ac                PROVIDE (__init_array_start, .)
 *(SORT(.init_array.*))
 *(.init_array)
                0x000044ac                PROVIDE (__init_array_end, .)
                0x000044ac                PROVIDE (__fini_array_start, .)
 *(.fini_array)
 *(SORT(.fini_array.*))
                0x000044ac                PROVIDE (__fini_array_end, .)
                0x000044ac        0x4 LONG 0x0
 *crtbegin*.o(.ctors)
 .ctors         0x000044b0        0x2 /opt/ti-mspgcc/bin/../lib/gcc/msp430-elf/4.9.1/crtbegin.o
 *(EXCLUDE_FILE(*crtend*.o) .ctors)
 *(SORT(.ctors.*))
 *(.ctors)
 .ctors         0x000044b2        0x2 /opt/ti-mspgcc/bin/../lib/gcc/msp430-elf/4.9.1/crtend.o
 *crtbegin*.o(.dtors)
 .dtors         0x000044b4        0x2 /opt/ti-mspgcc/bin/../lib/gcc/msp430-elf/4.9.1/crtbegin.o
 *(EXCLUDE_FILE(*crtend*.o) .dtors)
 *(SORT(.dtors.*))
 *(.dtors)
 .dtors         0x000044b6        0x2 /opt/ti-mspgcc/bin/../lib/gcc/msp430-elf/4.9.1/crtend.o

.text           0x000044b8     0x48d8
                0x000044b8                . = ALIGN (0x2)
                0x000044b8                PROVIDE (_start, .)
 *(SORT(.crt_*))
 .crt_0000init  0x000044b8        0xa /opt/ti-mspgcc/bin/../lib/gcc/msp430-elf/4.9.1/../../../../msp430-elf/lib/crt0.o
                0x000044b8                __start
 .crt_0100bss   0x000044c2        0xe /opt/ti-mspgcc/bin/../lib/gcc/msp430-elf/4.9.1/../../../../msp430-elf/lib/libcrt.a(crt_bss.o)
                0x000044c2                __crt0_init_bss
 .crt_0300main  0x000044d0        0xa /opt/ti-mspgcc/bin/../lib/gcc/msp430-elf/4.9.1/../../../../msp430-elf/lib/libcrt.a(crt_main.o)
                0x000044d0                __crt0_call_init_then_main
 .crt_0500main_init
                0x000044da       0x3c /opt/ti-mspgcc/bin/../lib/gcc/msp430-elf/4.9.1/../../../../msp430-elf/lib/crt0.o
                0x000044da                _msp430_run_init_array
                0x000044e8                _msp430_run_preinit_array
                0x000044f6                _msp430_run_fini_array
 *(.lowtext .text .stub .text.* .gnu.linkonce.t.* .text:*)
 .text          0x00004516       0xa8 /opt/ti-mspgcc/bin/../lib/gcc/msp430-elf/4.9.1/crtbegin.o
 .text.SELECT   0x000045be       0x12 FatFS/diskio.obj
 .text.DESELECT
                0x000045d0       0x12 FatFS/diskio.obj
 .text.xmit_spi
                0x000045e2       0x4c FatFS/diskio.obj
 .text.rcvr_spi
                0x0000462e       0x52 FatFS/diskio.obj
 .text.rcvr_spi_m
                0x00004680       0x1a FatFS/diskio.obj
 .text.wait_ready
                0x0000469a       0x2a FatFS/diskio.obj
 .text.send_initial_clock_train
                0x000046c4       0x24 FatFS/diskio.obj
 .text.power_on
                0x000046e8       0xb4 FatFS/diskio.obj
 .text.set_max_speed
                0x0000479c       0x1e FatFS/diskio.obj
 .text.power_off
                0x000047ba        0x6 FatFS/diskio.obj
 .text.chk_power
                0x000047c0        0x6 FatFS/diskio.obj
 .text.rcvr_datablock
                0x000047c6       0x72 FatFS/diskio.obj
 .text.xmit_datablock
                0x00004838       0x90 FatFS/diskio.obj
 .text.send_cmd
                0x000048c8       0xd0 FatFS/diskio.obj
 .text.send_cmd12
                0x00004998       0x62 FatFS/diskio.obj
 .text.disk_initialize
                0x000049fa      0x244 FatFS/diskio.obj
                0x000049fa                disk_initialize
 .text.disk_status
                0x00004c3e       0x1a FatFS/diskio.obj
                0x00004c3e                disk_status
 .text.disk_read
                0x00004c58       0xe8 FatFS/diskio.obj
                0x00004c58                disk_read
 .text.disk_write
                0x00004d40      0x132 FatFS/diskio.obj
                0x00004d40                disk_write
 .text.disk_ioctl
                0x00004e72      0x2c0 FatFS/diskio.obj
                0x00004e72                disk_ioctl
 .text.get_fattime
                0x00005132        0xa FatFS/diskio.obj
                0x00005132                get_fattime
 .text.mem_cpy  0x0000513c       0x52 FatFS/ff.obj
 .text.mem_set  0x0000518e       0x42 FatFS/ff.obj
 .text.mem_cmp  0x000051d0       0x66 FatFS/ff.obj
 .text.chk_chr  0x00005236       0x30 FatFS/ff.obj
 .text.sync_window
                0x00005266       0xe6 FatFS/ff.obj
 .text.move_window
                0x0000534c       0x78 FatFS/ff.obj
 .text.sync_fs  0x000053c4      0x21a FatFS/ff.obj
 .text.clust2sect
                0x000055de       0x86 FatFS/ff.obj
                0x000055de                clust2sect
 .text.get_fat  0x00005664      0x320 FatFS/ff.obj
                0x00005664                get_fat
 .text.put_fat  0x00005984      0x432 FatFS/ff.obj
                0x00005984                put_fat
 .text.remove_chain
                0x00005db6      0x14e FatFS/ff.obj
 .text.create_chain
                0x00005f04      0x28e FatFS/ff.obj
 .text.dir_sdi  0x00006192      0x1c8 FatFS/ff.obj
 .text.dir_next
                0x0000635a      0x2a4 FatFS/ff.obj
 .text.dir_alloc
                0x000065fe       0xa2 FatFS/ff.obj
 .text.ld_clust
                0x000066a0       0x6e FatFS/ff.obj
 .text.st_clust
                0x0000670e       0x82 FatFS/ff.obj
 .text.dir_find
                0x00006790       0xa2 FatFS/ff.obj
 .text.dir_register
                0x00006832       0x68 FatFS/ff.obj
 .text.create_name
                0x0000689a      0x1e8 FatFS/ff.obj
 .text.follow_path
                0x00006a82      0x10c FatFS/ff.obj
 .text.get_ldnumber
                0x00006b8e       0xa4 FatFS/ff.obj
 .text.check_fs
                0x00006c32      0x1ba FatFS/ff.obj
 .text.find_volume
                0x00006dec      0xb8a FatFS/ff.obj
 .text.validate
                0x00007976       0x6a FatFS/ff.obj
 .text.f_mount  0x000079e0       0x9c FatFS/ff.obj
                0x000079e0                f_mount
 .text.f_open   0x00007a7c      0x3aa FatFS/ff.obj
                0x00007a7c                f_open
 .text.f_write  0x00007e26      0x514 FatFS/ff.obj
                0x00007e26                f_write
 .text.f_sync   0x0000833a      0x1c2 FatFS/ff.obj
                0x0000833a                f_sync
 .text.f_close  0x000084fc       0x34 FatFS/ff.obj
                0x000084fc                f_close
 .text.f_lseek  0x00008530      0x492 FatFS/ff.obj
                0x00008530                f_lseek
 .text.main     0x000089c2      0x1a0 main_SD.obj
                0x000089c2                main
 .text.udivmodsi4
                0x00008b62       0x72 /opt/ti-mspgcc/bin/../lib/gcc/msp430-elf/4.9.1/libgcc.a(lib2divSI.o)
                0x00008b62                udivmodsi4
 .text.__udivsi3
                0x00008bd4        0xe /opt/ti-mspgcc/bin/../lib/gcc/msp430-elf/4.9.1/libgcc.a(lib2divSI.o)
                0x00008bd4                __mspabi_divlu
 .text          0x00008be2       0x74 /opt/ti-mspgcc/bin/../lib/gcc/msp430-elf/4.9.1/libgcc.a(slli.o)
                0x00008be2                __mspabi_slli_15
                0x00008be4                __mspabi_slli_14
                0x00008be6                __mspabi_slli_13
                0x00008be8                __mspabi_slli_12
                0x00008bea                __mspabi_slli_11
                0x00008bec                __mspabi_slli_10
                0x00008bee                __mspabi_slli_9
                0x00008bf0                __mspabi_slli_8
                0x00008bf2                __mspabi_slli_7
                0x00008bf4                __mspabi_slli_6
                0x00008bf6                __mspabi_slli_5
                0x00008bf8                __mspabi_slli_4
                0x00008bfa                __mspabi_slli_3
                0x00008bfc                __mspabi_slli_2
                0x00008bfe                __mspabi_slli_1
                0x00008c06                __mspabi_slli
                0x00008c0c                __mspabi_slll_15
                0x00008c10                __mspabi_slll_14
                0x00008c14                __mspabi_slll_13
                0x00008c18                __mspabi_slll_12
                0x00008c1c                __mspabi_slll_11
                0x00008c20                __mspabi_slll_10
                0x00008c24                __mspabi_slll_9
                0x00008c28                __mspabi_slll_8
                0x00008c2c                __mspabi_slll_7
                0x00008c30                __mspabi_slll_6
                0x00008c34                __mspabi_slll_5
                0x00008c38                __mspabi_slll_4
                0x00008c3c                __mspabi_slll_3
                0x00008c40                __mspabi_slll_2
                0x00008c44                __mspabi_slll_1
                0x00008c50                __mspabi_slll
 .text          0x00008c56       0xb4 /opt/ti-mspgcc/bin/../lib/gcc/msp430-elf/4.9.1/libgcc.a(srli.o)
                0x00008c56                __mspabi_srli_15
                0x00008c5a                __mspabi_srli_14
                0x00008c5e                __mspabi_srli_13
                0x00008c62                __mspabi_srli_12
                0x00008c66                __mspabi_srli_11
                0x00008c6a                __mspabi_srli_10
                0x00008c6e                __mspabi_srli_9
                0x00008c72                __mspabi_srli_8
                0x00008c76                __mspabi_srli_7
                0x00008c7a                __mspabi_srli_6
                0x00008c7e                __mspabi_srli_5
                0x00008c82                __mspabi_srli_4
                0x00008c86                __mspabi_srli_3
                0x00008c8a                __mspabi_srli_2
                0x00008c8e                __mspabi_srli_1
                0x00008c9a                __mspabi_srli
                0x00008ca0                __mspabi_srll_15
                0x00008ca6                __mspabi_srll_14
                0x00008cac                __mspabi_srll_13
                0x00008cb2                __mspabi_srll_12
                0x00008cb8                __mspabi_srll_11
                0x00008cbe                __mspabi_srll_10
                0x00008cc4                __mspabi_srll_9
                0x00008cca                __mspabi_srll_8
                0x00008cd0                __mspabi_srll_7
                0x00008cd6                __mspabi_srll_6
                0x00008cdc                __mspabi_srll_5
                0x00008ce2                __mspabi_srll_4
                0x00008ce8                __mspabi_srll_3
                0x00008cee                __mspabi_srll_2
                0x00008cf4                __mspabi_srll_1
                0x00008d04                __mspabi_srll
 *fill*         0x00008d0a        0x2 
 .text.__mulsi2
                0x00008d0c       0x30 /opt/ti-mspgcc/bin/../lib/gcc/msp430-elf/4.9.1/libgcc.a(lib2hw_mul.o)
                0x00008d0c                __mulsi2
 .text.memset   0x00008d3c       0x14 /opt/ti-mspgcc/bin/../lib/gcc/msp430-elf/4.9.1/../../../../msp430-elf/lib/libc.a(lib_a-memset.o)
                0x00008d3c                memset
 .text          0x00008d50       0x20 /opt/ti-mspgcc/bin/../lib/gcc/msp430-elf/4.9.1/crtend.o
 *(.text.*personality*)
 *(.gnu.warning)
 *(.interp .hash .dynsym .dynstr .gnu.version*)
                0x00008d70                PROVIDE (__etext, .)
                0x00008d70                PROVIDE (_etext, .)
                0x00008d70                PROVIDE (etext, .)
                0x00008d70                . = ALIGN (0x2)
 *(.init)
 .init          0x00008d70        0x0 /opt/ti-mspgcc/bin/../lib/gcc/msp430-elf/4.9.1/../../../../msp430-elf/lib/crt0.o
                0x00008d70                __msp430_init
 .init          0x00008d70        0x4 /opt/ti-mspgcc/bin/../lib/gcc/msp430-elf/4.9.1/crtbegin.o
 .init          0x00008d74        0x4 /opt/ti-mspgcc/bin/../lib/gcc/msp430-elf/4.9.1/crtend.o
 .init          0x00008d78        0xa /opt/ti-mspgcc/bin/../lib/gcc/msp430-elf/4.9.1/../../../../msp430-elf/lib/crtn.o
                0x00008d82                __msp430_init_end
 *(.fini)
 .fini          0x00008d82        0x4 /opt/ti-mspgcc/bin/../lib/gcc/msp430-elf/4.9.1/../../../../msp430-elf/lib/crt0.o
                0x00008d82                __msp430_fini
 .fini          0x00008d86        0x4 /opt/ti-mspgcc/bin/../lib/gcc/msp430-elf/4.9.1/crtbegin.o
 .fini          0x00008d8a        0x2 /opt/ti-mspgcc/bin/../lib/gcc/msp430-elf/4.9.1/../../../../msp430-elf/lib/crtn.o
                0x00008d8c                __msp430_fini_end
 *(.tm_clone_table)
 .tm_clone_table
                0x00008d8c        0x0 /opt/ti-mspgcc/bin/../lib/gcc/msp430-elf/4.9.1/crtbegin.o
 .tm_clone_table
                0x00008d8c        0x4 /opt/ti-mspgcc/bin/../lib/gcc/msp430-elf/4.9.1/crtend.o

.data           0x00001c00        0x8 load address 0x00008d90
                0x00001c00                . = ALIGN (0x2)
                0x00001c00                PROVIDE (__datastart, .)
 *(.jcr)
 .jcr           0x00001c00        0x0 /opt/ti-mspgcc/bin/../lib/gcc/msp430-elf/4.9.1/crtbegin.o
 .jcr           0x00001c00        0x2 /opt/ti-mspgcc/bin/../lib/gcc/msp430-elf/4.9.1/crtend.o
 *(.data.rel.ro.local)
 *(.data.rel.ro*)
 *(.dynamic)
 *(.data .data.* .gnu.linkonce.d.*)
 .data          0x00001c02        0x4 /opt/ti-mspgcc/bin/../lib/gcc/msp430-elf/4.9.1/crtbegin.o
                0x00001c02                __dso_handle
 .data.Stat     0x00001c06        0x1 FatFS/diskio.obj
 .data.status   0x00001c07        0x1 main_SD.obj
                0x00001c07                status
 *(.gnu.linkonce.d.*personality*)
 *(.data1)
 *(.got.plt)
 *(.got)
                0x00001c08                . = ALIGN (0x2)
 *(.sdata .sdata.* .gnu.linkonce.s.* D_2 D_1)
                0x00001c08                . = ALIGN (0x2)
                0x00001c08                _edata = .
                0x00001c08                PROVIDE (edata, .)
                0x00001c08                PROVIDE (__dataend, .)
                0x00008d90                PROVIDE (__romdatastart, LOADADDR (.data))
                0x00000008                PROVIDE (__romdatacopysize, SIZEOF (.data))

.bss            0x00001c08      0x268 load address 0x00008d98
                0x00001c08                . = ALIGN (0x2)
                0x00001c08                PROVIDE (__bssstart, .)
 *(.dynbss)
 *(.sbss .sbss.*)
 *(.bss .bss.* .gnu.linkonce.b.*)
 .bss           0x00001c08       0x10 /opt/ti-mspgcc/bin/../lib/gcc/msp430-elf/4.9.1/crtbegin.o
 .bss.Timer1    0x00001c18        0x1 FatFS/diskio.obj
 .bss.Timer2    0x00001c19        0x1 FatFS/diskio.obj
 .bss.CardType  0x00001c1a        0x1 FatFS/diskio.obj
 .bss.PowerFlag
                0x00001c1b        0x1 FatFS/diskio.obj
 .bss.FatFs     0x00001c1c        0x2 FatFS/ff.obj
 .bss.Fsid      0x00001c1e        0x2 FatFS/ff.obj
                0x00001c20                . = ALIGN (0x2)
 *(COMMON)
 COMMON         0x00001c20      0x250 main_SD.obj
                0x00001c20                fp
                0x00001c22                sdVolume
                0x00001e50                logfile
                0x00001e70                PROVIDE (__bssend, .)
                0x00000268                PROVIDE (__bsssize, SIZEOF (.bss))

.noinit         0x00001e70        0x0 load address 0x00008d98
                0x00001e70                . = ALIGN (0x2)
                0x00001e70                PROVIDE (__noinit_start, .)
 *(.noinit)
                0x00001e70                . = ALIGN (0x2)
                0x00001e70                PROVIDE (__noinit_end, .)
                0x00001e70                end = .

.stack          0x00002400        0x0
                0x00002400                PROVIDE (__stack, .)
 *(.stack)

.MP430.attributes
                0x00000000      0x159
 *(.MSP430.attributes)
 .MSP430.attributes
                0x00000000       0x17 /opt/ti-mspgcc/bin/../lib/gcc/msp430-elf/4.9.1/../../../../msp430-elf/lib/crt0.o
 .MSP430.attributes
                0x00000017       0x17 /opt/ti-mspgcc/bin/../lib/gcc/msp430-elf/4.9.1/crtbegin.o
 .MSP430.attributes
                0x0000002e       0x17 FatFS/diskio.obj
 .MSP430.attributes
                0x00000045       0x17 FatFS/ff.obj
 .MSP430.attributes
                0x0000005c       0x17 FatFS/HAL_SDCard.obj
 .MSP430.attributes
                0x00000073       0x17 main_SD.obj
 .MSP430.attributes
                0x0000008a       0x17 /opt/ti-mspgcc/bin/../lib/gcc/msp430-elf/4.9.1/libgcc.a(lib2divSI.o)
 .MSP430.attributes
                0x000000a1       0x17 /opt/ti-mspgcc/bin/../lib/gcc/msp430-elf/4.9.1/libgcc.a(slli.o)
 .MSP430.attributes
                0x000000b8       0x17 /opt/ti-mspgcc/bin/../lib/gcc/msp430-elf/4.9.1/libgcc.a(srli.o)
 .MSP430.attributes
                0x000000cf       0x17 /opt/ti-mspgcc/bin/../lib/gcc/msp430-elf/4.9.1/libgcc.a(lib2hw_mul.o)
 .MSP430.attributes
                0x000000e6       0x17 /opt/ti-mspgcc/bin/../lib/gcc/msp430-elf/4.9.1/../../../../msp430-elf/lib/libcrt.a(crt_bss.o)
 .MSP430.attributes
                0x000000fd       0x17 /opt/ti-mspgcc/bin/../lib/gcc/msp430-elf/4.9.1/../../../../msp430-elf/lib/libcrt.a(crt_main.o)
 .MSP430.attributes
                0x00000114       0x17 /opt/ti-mspgcc/bin/../lib/gcc/msp430-elf/4.9.1/../../../../msp430-elf/lib/libc.a(lib_a-memset.o)
 .MSP430.attributes
                0x0000012b       0x17 /opt/ti-mspgcc/bin/../lib/gcc/msp430-elf/4.9.1/crtend.o
 .MSP430.attributes
                0x00000142       0x17 /opt/ti-mspgcc/bin/../lib/gcc/msp430-elf/4.9.1/../../../../msp430-elf/lib/crtn.o
 *(.gnu.attributes)
 *(__TI_build_attributes)

.stab
 *(.stab)

.stabstr
 *(.stabstr)

.stab.excl
 *(.stab.excl)

.stab.exclstr
 *(.stab.exclstr)

.stab.index
 *(.stab.index)

.stab.indexstr
 *(.stab.indexstr)

.comment        0x00000000       0x7b
 *(.comment)
 .comment       0x00000000       0x7b /opt/ti-mspgcc/bin/../lib/gcc/msp430-elf/4.9.1/crtbegin.o
                                 0x7c (size before relaxing)
 .comment       0x00000000       0x7c FatFS/diskio.obj
 .comment       0x00000000       0x7c FatFS/ff.obj
 .comment       0x00000000       0x7c FatFS/HAL_SDCard.obj
 .comment       0x00000000       0x7c main_SD.obj
 .comment       0x00000000       0x7c /opt/ti-mspgcc/bin/../lib/gcc/msp430-elf/4.9.1/libgcc.a(lib2divSI.o)
 .comment       0x00000000       0x7c /opt/ti-mspgcc/bin/../lib/gcc/msp430-elf/4.9.1/../../../../msp430-elf/lib/libc.a(lib_a-memset.o)
 .comment       0x00000000       0x7c /opt/ti-mspgcc/bin/../lib/gcc/msp430-elf/4.9.1/crtend.o

.debug
 *(.debug)

.line
 *(.line)

.debug_srcinfo
 *(.debug_srcinfo)

.debug_sfnames
 *(.debug_sfnames)

.debug_aranges  0x00000000       0xf8
 *(.debug_aranges)
 .debug_aranges
                0x00000000       0x30 /opt/ti-mspgcc/bin/../lib/gcc/msp430-elf/4.9.1/../../../../msp430-elf/lib/crt0.o
 .debug_aranges
                0x00000030       0x40 /opt/ti-mspgcc/bin/../lib/gcc/msp430-elf/4.9.1/libgcc.a(lib2divSI.o)
 .debug_aranges
                0x00000070       0x20 /opt/ti-mspgcc/bin/../lib/gcc/msp430-elf/4.9.1/../../../../msp430-elf/lib/libcrt.a(crt_bss.o)
 .debug_aranges
                0x00000090       0x20 /opt/ti-mspgcc/bin/../lib/gcc/msp430-elf/4.9.1/../../../../msp430-elf/lib/libcrt.a(crt_main.o)
 .debug_aranges
                0x000000b0       0x20 /opt/ti-mspgcc/bin/../lib/gcc/msp430-elf/4.9.1/../../../../msp430-elf/lib/libc.a(lib_a-memset.o)
 .debug_aranges
                0x000000d0       0x28 /opt/ti-mspgcc/bin/../lib/gcc/msp430-elf/4.9.1/../../../../msp430-elf/lib/crtn.o

.debug_pubnames
 *(.debug_pubnames)

.debug_info     0x00000000      0x66d
 *(.debug_info .gnu.linkonce.wi.*)
 .debug_info    0x00000000       0xcc /opt/ti-mspgcc/bin/../lib/gcc/msp430-elf/4.9.1/../../../../msp430-elf/lib/crt0.o
 .debug_info    0x000000cc      0x266 /opt/ti-mspgcc/bin/../lib/gcc/msp430-elf/4.9.1/libgcc.a(lib2divSI.o)
 .debug_info    0x00000332       0xd0 /opt/ti-mspgcc/bin/../lib/gcc/msp430-elf/4.9.1/../../../../msp430-elf/lib/libcrt.a(crt_bss.o)
 .debug_info    0x00000402       0xd0 /opt/ti-mspgcc/bin/../lib/gcc/msp430-elf/4.9.1/../../../../msp430-elf/lib/libcrt.a(crt_main.o)
 .debug_info    0x000004d2       0xcf /opt/ti-mspgcc/bin/../lib/gcc/msp430-elf/4.9.1/../../../../msp430-elf/lib/libc.a(lib_a-memset.o)
 .debug_info    0x000005a1       0xcc /opt/ti-mspgcc/bin/../lib/gcc/msp430-elf/4.9.1/../../../../msp430-elf/lib/crtn.o

.debug_abbrev   0x00000000      0x19b
 *(.debug_abbrev)
 .debug_abbrev  0x00000000       0x12 /opt/ti-mspgcc/bin/../lib/gcc/msp430-elf/4.9.1/../../../../msp430-elf/lib/crt0.o
 .debug_abbrev  0x00000012       0xc3 /opt/ti-mspgcc/bin/../lib/gcc/msp430-elf/4.9.1/libgcc.a(lib2divSI.o)
 .debug_abbrev  0x000000d5       0x14 /opt/ti-mspgcc/bin/../lib/gcc/msp430-elf/4.9.1/../../../../msp430-elf/lib/libcrt.a(crt_bss.o)
 .debug_abbrev  0x000000e9       0x14 /opt/ti-mspgcc/bin/../lib/gcc/msp430-elf/4.9.1/../../../../msp430-elf/lib/libcrt.a(crt_main.o)
 .debug_abbrev  0x000000fd       0x8c /opt/ti-mspgcc/bin/../lib/gcc/msp430-elf/4.9.1/../../../../msp430-elf/lib/libc.a(lib_a-memset.o)
 .debug_abbrev  0x00000189       0x12 /opt/ti-mspgcc/bin/../lib/gcc/msp430-elf/4.9.1/../../../../msp430-elf/lib/crtn.o

.debug_line     0x00000000      0x420
 *(.debug_line)
 .debug_line    0x00000000      0x104 /opt/ti-mspgcc/bin/../lib/gcc/msp430-elf/4.9.1/../../../../msp430-elf/lib/crt0.o
 .debug_line    0x00000104       0x7d /opt/ti-mspgcc/bin/../lib/gcc/msp430-elf/4.9.1/libgcc.a(lib2divSI.o)
 .debug_line    0x00000181       0x82 /opt/ti-mspgcc/bin/../lib/gcc/msp430-elf/4.9.1/../../../../msp430-elf/lib/libcrt.a(crt_bss.o)
 .debug_line    0x00000203       0x7d /opt/ti-mspgcc/bin/../lib/gcc/msp430-elf/4.9.1/../../../../msp430-elf/lib/libcrt.a(crt_main.o)
 .debug_line    0x00000280      0x114 /opt/ti-mspgcc/bin/../lib/gcc/msp430-elf/4.9.1/../../../../msp430-elf/lib/libc.a(lib_a-memset.o)
 .debug_line    0x00000394       0x8c /opt/ti-mspgcc/bin/../lib/gcc/msp430-elf/4.9.1/../../../../msp430-elf/lib/crtn.o

.debug_frame    0x00000000       0xdc
 *(.debug_frame)
 .debug_frame   0x00000000       0xb8 /opt/ti-mspgcc/bin/../lib/gcc/msp430-elf/4.9.1/libgcc.a(lib2divSI.o)
 .debug_frame   0x000000b8       0x24 /opt/ti-mspgcc/bin/../lib/gcc/msp430-elf/4.9.1/../../../../msp430-elf/lib/libc.a(lib_a-memset.o)

.debug_str      0x00000000      0x304
 *(.debug_str)
 .debug_str     0x00000000      0x1af /opt/ti-mspgcc/bin/../lib/gcc/msp430-elf/4.9.1/libgcc.a(lib2divSI.o)
                                0x1e3 (size before relaxing)
 .debug_str     0x000001af      0x155 /opt/ti-mspgcc/bin/../lib/gcc/msp430-elf/4.9.1/../../../../msp430-elf/lib/libc.a(lib_a-memset.o)
                                0x19c (size before relaxing)

.debug_loc      0x00000000      0x3ca
 *(.debug_loc)
 .debug_loc     0x00000000      0x343 /opt/ti-mspgcc/bin/../lib/gcc/msp430-elf/4.9.1/libgcc.a(lib2divSI.o)
 .debug_loc     0x00000343       0x87 /opt/ti-mspgcc/bin/../lib/gcc/msp430-elf/4.9.1/../../../../msp430-elf/lib/libc.a(lib_a-memset.o)

.debug_macinfo
 *(.debug_macinfo)

.debug_weaknames
 *(.debug_weaknames)

.debug_funcnames
 *(.debug_funcnames)

.debug_typenames
 *(.debug_typenames)

.debug_varnames
 *(.debug_varnames)

/DISCARD/
 *(.note.GNU-stack)
OUTPUT(SD-FR5969.out elf32-msp430)

.debug_ranges   0x00000000       0x88
 .debug_ranges  0x00000000       0x28 /opt/ti-mspgcc/bin/../lib/gcc/msp430-elf/4.9.1/../../../../msp430-elf/lib/crt0.o
 .debug_ranges  0x00000028       0x30 /opt/ti-mspgcc/bin/../lib/gcc/msp430-elf/4.9.1/libgcc.a(lib2divSI.o)
 .debug_ranges  0x00000058       0x10 /opt/ti-mspgcc/bin/../lib/gcc/msp430-elf/4.9.1/../../../../msp430-elf/lib/libc.a(lib_a-memset.o)
 .debug_ranges  0x00000068       0x20 /opt/ti-mspgcc/bin/../lib/gcc/msp430-elf/4.9.1/../../../../msp430-elf/lib/crtn.o

.debug_line.text.udivmodsi4
                0x00000000       0x74
 .debug_line.text.udivmodsi4
                0x00000000       0x74 /opt/ti-mspgcc/bin/../lib/gcc/msp430-elf/4.9.1/libgcc.a(lib2divSI.o)

.debug_line.text.__udivsi3
                0x00000000       0x1d
 .debug_line.text.__udivsi3
                0x00000000       0x1d /opt/ti-mspgcc/bin/../lib/gcc/msp430-elf/4.9.1/libgcc.a(lib2divSI.o)

.debug_line_end
                0x00000000        0x0
 .debug_line_end
                0x00000000        0x0 /opt/ti-mspgcc/bin/../lib/gcc/msp430-elf/4.9.1/libgcc.a(lib2divSI.o)
 .debug_line_end
                0x00000000        0x0 /opt/ti-mspgcc/bin/../lib/gcc/msp430-elf/4.9.1/../../../../msp430-elf/lib/libc.a(lib_a-memset.o)

.debug_line.text.memset
                0x00000000       0x22
 .debug_line.text.memset
                0x00000000       0x22 /opt/ti-mspgcc/bin/../lib/gcc/msp430-elf/4.9.1/../../../../msp430-elf/lib/libc.a(lib_a-memset.o)
